[0m01:16:18.604275 [debug] [MainThread]: Sending event: {'category': 'dbt', 'action': 'invocation', 'label': 'start', 'context': [<snowplow_tracker.self_describing_json.SelfDescribingJson object at 0x00000142D79C2650>, <snowplow_tracker.self_describing_json.SelfDescribingJson object at 0x00000142D7853790>, <snowplow_tracker.self_describing_json.SelfDescribingJson object at 0x00000142D7993B50>]}


============================== 01:16:18.649834 | c2a0b570-365c-4d6d-b0d9-6e903b05bc5a ==============================
[0m01:16:18.649834 [info ] [MainThread]: Running with dbt=1.12.5
[0m01:16:18.651339 [debug] [MainThread]: running dbt with arguments {'maximum_seed_size_mib': '1', 'no_print': 'None', 'static_parser': 'True', 'target_path': 'None', 'warn_error_options': 'WarnErrorOptionsV2(error=[], warn=[], silence=[])', 'version_check': 'True', 'printer_width': '80', 'write_json': 'True', 'introspect': 'True', 'log_cache_events': 'False', 'empty': 'None', 'cache_selected_only': 'False', 'log_format': 'default', 'debug': 'False', 'fail_fast': 'False', 'profiles_dir': 'C:\\Users\\Alexis Allen Manuel\\.dbt', 'send_anonymous_usage_stats': 'True', 'quiet': 'False', 'warn_error': 'None', 'partial_parse': 'True', 'use_colors': 'True', 'hints_enabled': 'True', 'indirect_selection': 'eager', 'use_experimental_parser': 'False', 'invocation_command': 'dbt init transform', 'log_path': 'logs'}
[0m01:16:18.839142 [debug] [MainThread]: Starter project path: D:\vinski\DataEngineering\data-pipeline-framework\venv\Lib\site-packages\dbt\include\starter_project
[0m01:16:19.013913 [info ] [MainThread]: Setting up your profile.
[0m01:18:08.001206 [info ] [MainThread]: Profile transform written to C:\Users\Alexis Allen Manuel\.dbt\profiles.yml using target's profile_template.yml and your supplied values.
[0m01:18:08.328885 [info ] [MainThread]: Running dbt debug to validate the project...
[0m01:18:08.330883 [info ] [MainThread]: dbt version: 1.12.5
[0m01:18:08.332907 [info ] [MainThread]: python version: 3.11.9
[0m01:18:08.333908 [info ] [MainThread]: python path: D:\vinski\DataEngineering\data-pipeline-framework\venv\Scripts\python.exe
[0m01:18:08.334872 [info ] [MainThread]: os info: Windows-10-10.0.26200-SP0
[0m01:18:08.427743 [info ] [MainThread]: Using profiles dir at C:\Users\Alexis Allen Manuel\.dbt
[0m01:18:08.428775 [info ] [MainThread]: Using profiles.yml file at C:\Users\Alexis Allen Manuel\.dbt\profiles.yml
[0m01:18:08.429752 [info ] [MainThread]: Using dbt_project.yml file at D:\vinski\DataEngineering\data-pipeline-framework\transform\dbt_project.yml
[0m01:18:08.450354 [info ] [MainThread]: adapter type: postgres
[0m01:18:08.451349 [info ] [MainThread]: adapter version: 1.11.0
[0m01:18:08.594117 [info ] [MainThread]: Configuration:
[0m01:18:08.667685 [info ] [MainThread]:   profiles.yml file [[32mOK found and valid[0m]
[0m01:18:08.668683 [info ] [MainThread]:   dbt_project.yml file [[32mOK found and valid[0m]
[0m01:18:08.669678 [info ] [MainThread]: Required dependencies:
[0m01:18:08.671691 [debug] [MainThread]: Executing "git --help"
[0m01:18:08.864692 [debug] [MainThread]: STDOUT: "b"usage: git [-v | --version] [-h | --help] [-C <path>] [-c <name>=<value>]\n           [--exec-path[=<path>]] [--html-path] [--man-path] [--info-path]\n           [-p | --paginate | -P | --no-pager] [--no-replace-objects] [--no-lazy-fetch]\n           [--no-optional-locks] [--no-advice] [--bare] [--git-dir=<path>]\n           [--work-tree=<path>] [--namespace=<name>] [--config-env=<name>=<envvar>]\n           <command> [<args>]\n\nThese are common Git commands used in various situations:\n\nstart a working area (see also: git help tutorial)\n   clone      Clone a repository into a new directory\n   init       Create an empty Git repository or reinitialize an existing one\n\nwork on the current change (see also: git help everyday)\n   add        Add file contents to the index\n   mv         Move or rename a file, a directory, or a symlink\n   restore    Restore working tree files\n   rm         Remove files from the working tree and from the index\n\nexamine the history and state (see also: git help revisions)\n   bisect     Use binary search to find the commit that introduced a bug\n   diff       Show changes between commits, commit and working tree, etc\n   grep       Print lines matching a pattern\n   log        Show commit logs\n   show       Show various types of objects\n   status     Show the working tree status\n\ngrow, mark and tweak your common history\n   backfill   Download missing objects in a partial clone\n   branch     List, create, or delete branches\n   commit     Record changes to the repository\n   history    EXPERIMENTAL: Rewrite history\n   merge      Join two or more development histories together\n   rebase     Reapply commits on top of another base tip\n   reset      Set `HEAD` or the index to a known state\n   switch     Switch branches\n   tag        Create, list, delete or verify tags\n\ncollaborate (see also: git help workflows)\n   fetch      Download objects and refs from another repository\n   pull       Fetch from and integrate with another repository or a local branch\n   push       Update remote refs along with associated objects\n\n'git help -a' and 'git help -g' list available subcommands and some\nconcept guides. See 'git help <command>' or 'git help <concept>'\nto read about a specific subcommand or concept.\nSee 'git help git' for an overview of the system.\n""
[0m01:18:08.865687 [debug] [MainThread]: STDERR: "b''"
[0m01:18:08.866689 [info ] [MainThread]:  - git [[32mOK found[0m]

[0m01:18:08.868687 [info ] [MainThread]: Connection:
[0m01:18:08.869686 [info ] [MainThread]:   host: localhost
[0m01:18:08.870694 [info ] [MainThread]:   port: 5432
[0m01:18:08.872696 [info ] [MainThread]:   user: postgres
[0m01:18:08.874690 [info ] [MainThread]:   database: analytics_lab
[0m01:18:08.875696 [info ] [MainThread]:   schema: public
[0m01:18:08.877151 [info ] [MainThread]:   connect_timeout: 10
[0m01:18:08.880272 [info ] [MainThread]:   role: None
[0m01:18:08.882584 [info ] [MainThread]:   search_path: None
[0m01:18:08.886653 [info ] [MainThread]:   keepalives_idle: 0
[0m01:18:08.890661 [info ] [MainThread]:   sslmode: None
[0m01:18:08.892649 [info ] [MainThread]:   sslcert: None
[0m01:18:08.893773 [info ] [MainThread]:   sslkey: None
[0m01:18:08.894647 [info ] [MainThread]:   sslrootcert: None
[0m01:18:08.895652 [info ] [MainThread]:   application_name: dbt
[0m01:18:08.896649 [info ] [MainThread]:   autocommit: False
[0m01:18:08.898675 [info ] [MainThread]:   retries: 1
[0m01:18:08.901650 [info ] [MainThread]: Registered adapter: postgres=1.11.0
[0m01:18:09.661023 [debug] [MainThread]: Acquiring new postgres connection 'debug'
[0m01:18:13.220655 [debug] [MainThread]: Using postgres connection "debug"
[0m01:18:13.221658 [debug] [MainThread]: On debug: select 1 as id
[0m01:18:13.222655 [debug] [MainThread]: Opening a new connection, currently in state init
[0m01:18:13.512504 [debug] [MainThread]: SQL status: SELECT 1 in 0.290 seconds
[0m01:18:13.513505 [debug] [MainThread]: On debug: Close
[0m01:18:13.514505 [info ] [MainThread]:   Connection test: [[32mOK connection ok[0m]

[0m01:18:13.516523 [info ] [MainThread]: [32mAll checks passed![0m
[0m01:18:13.517531 [info ] [MainThread]: Your new dbt project "transform" was created!
Initialized new project in D:\vinski\DataEngineering\data-pipeline-framework\transform\transform

For more information on how to configure the profiles.yml file,
please consult the dbt documentation here:

  https://docs.getdbt.com/docs/configure-your-profile

One more thing:

Need help? Don't hesitate to reach out to us via GitHub issues or on Slack:

  https://community.getdbt.com/

Happy modeling!

[0m01:18:13.521548 [debug] [MainThread]: Command `dbt init` succeeded at 01:18:13.520545 after 115.12 seconds
[0m01:18:13.522546 [debug] [MainThread]: Connection 'debug' was properly closed.
[0m01:18:13.523547 [debug] [MainThread]: Sending event: {'category': 'dbt', 'action': 'invocation', 'label': 'end', 'context': [<snowplow_tracker.self_describing_json.SelfDescribingJson object at 0x00000142D787A310>, <snowplow_tracker.self_describing_json.SelfDescribingJson object at 0x00000142D7D62A10>, <snowplow_tracker.self_describing_json.SelfDescribingJson object at 0x00000142D791AC10>]}
[0m01:18:13.524541 [debug] [MainThread]: Flushing usage events
[0m01:18:14.953351 [debug] [MainThread]: An error was encountered while trying to flush usage events
